../Drivers/STM32WBxx_HAL_Driver/Inc/stm32wbxx_ll_system.h:2223:26:LL_FLASH_GetUDN	4	static
../Drivers/STM32WBxx_HAL_Driver/Inc/stm32wbxx_ll_system.h:2235:26:LL_FLASH_GetDeviceID	4	static
../Drivers/STM32WBxx_HAL_Driver/Inc/stm32wbxx_ll_system.h:2247:26:LL_FLASH_GetSTCompanyID	4	static
../STM32_WPAN/App/app_ble.c:264:6:APP_BLE_Init	80	static
../STM32_WPAN/App/app_ble.c:410:28:SVCCTL_App_Notification	72	static
../STM32_WPAN/App/app_ble.c:674:22:APP_BLE_Get_Server_Connection_Status	4	static
../STM32_WPAN/App/app_ble.c:688:13:Ble_Tl_Init	16	static
../STM32_WPAN/App/app_ble.c:699:13:Ble_Hci_Gap_Gatt_Init	72	static
../STM32_WPAN/App/app_ble.c:995:13:Adv_Request	56	static
../STM32_WPAN/App/app_ble.c:1039:16:BleGetBdAddress	32	static
../STM32_WPAN/App/app_ble.c:1096:13:Adv_Cancel	16	static
../STM32_WPAN/App/app_ble.c:1178:6:APP_BLE_Key_Button1_Action	8	static
../STM32_WPAN/App/app_ble.c:1188:6:hci_notify_asynch_evt	16	static
../STM32_WPAN/App/app_ble.c:1195:6:hci_cmd_resp_release	16	static
../STM32_WPAN/App/app_ble.c:1202:6:hci_cmd_resp_wait	16	static
../STM32_WPAN/App/app_ble.c:1209:13:BLE_UserEvtRx	24	static
../STM32_WPAN/App/app_ble.c:1229:13:BLE_StatusNot	24	static
../STM32_WPAN/App/app_ble.c:1268:6:SVCCTL_ResumeUserEventFlow	8	static
